2026-08-06 18:17:33,739 - market_batch_ingestor - INFO - 🚀 Starting Whole Market Ingestion Batch (160 stocks)...
2026-08-06 18:17:33,740 - market_batch_ingestor - INFO - [1/160] Ingesting filings for RELIANCE...
2026-08-06 18:17:33,740 - knowledge_pipeline - INFO - === Starting Knowledge Pipeline Ingestion for RELIANCE ===
2026-08-06 18:17:33,740 - nse_client - INFO - Discovering annual reports for RELIANCE via NSE API...
2026-08-06 18:17:33,740 - nse_client - INFO - Initializing NSE session: visiting homepage for Akamai cookies...
2026-08-06 18:17:34,374 - nse_client - INFO - NSE cookies captured: ['AKA_A2', '_abck', 'ak_bmsc', 'bm_sz']
2026-08-06 18:17:36,043 - nse_client - INFO - Discovered 17 annual reports for RELIANCE
2026-08-06 18:17:36,044 - nse_client - INFO - Downloading: https://nsearchives.nseindia.com/annual_reports/AR_29285_RELIANCE_2025_2026_A_11007429_28052026133947.pdf
2026-08-06 18:17:39,694 - nse_client - INFO - Downloaded 11007429 bytes (10.5 MB)
2026-08-06 18:17:39,958 - nse_parser - INFO - PDF Validation Passed: SHA256=6fc365c08e7b..., Size=11007429 bytes, Pages=187
2026-08-06 18:17:39,966 - knowledge_storage - INFO - Saved raw PDF to /Users/mahant/quantview/documents/NSE/RELIANCE/2026/annual_report/raw.pdf
2026-08-06 18:17:40,160 - knowledge_parser - INFO - Parsing PDF document across 187 pages...
2026-08-06 18:17:57,358 - knowledge_parser - INFO - PDF parsing complete: 1138173 characters generated.
2026-08-06 18:17:57,361 - knowledge_storage - INFO - Saved parsed.md to /Users/mahant/quantview/documents/NSE/RELIANCE/2026/annual_report/parsed.md
2026-08-06 18:17:57,361 - knowledge_extractor - INFO - Extracting structured financials for RELIANCE (2026)...
2026-08-06 18:17:57,410 - knowledge_storage - INFO - Saved financials.json to /Users/mahant/quantview/documents/NSE/RELIANCE/2026/annual_report/financials.json
2026-08-06 18:17:57,411 - knowledge_chunker - INFO - Chunking document for RELIANCE (2026) with 187 pages...
2026-08-06 18:17:57,429 - knowledge_chunker - INFO - Generated 187 structural chunks for RELIANCE (2026).
2026-08-06 18:17:57,449 - knowledge_storage - INFO - Saved chunks.json to /Users/mahant/quantview/documents/NSE/RELIANCE/2026/annual_report/chunks.json
2026-08-06 18:17:57,449 - knowledge_embeddings - INFO - Loading FastEmbed model: BAAI/bge-large-en-v1.5...
2026-08-06 18:18:01,455 - knowledge_embeddings - INFO - FastEmbed model loaded successfully.
2026-08-06 18:18:01,593 - knowledge_embeddings - INFO - Generating embeddings for 187 chunks using BAAI/bge-large-en-v1.5...
